
*** Running vivado
    with args -log top.vds -m64 -product Vivado -mode batch -messageDb vivado.pb -notrace -source top.tcl



****** Vivado v2025.1 (64-bit)
  **** SW Build 6140274 on Thu May 22 00:12:29 MDT 2025
  **** IP Build 6138677 on Thu May 22 03:10:11 MDT 2025
  **** SharedData Build 6139179 on Tue May 20 17:58:58 MDT 2025
  **** Start of session at: Mon Mar 16 16:03:14 2026
    ** Copyright 1986-2022 Xilinx, Inc. All Rights Reserved.
    ** Copyright 2022-2025 Advanced Micro Devices, Inc. All Rights Reserved.

source top.tcl -notrace
create_project: Time (s): cpu = 00:00:09 ; elapsed = 00:00:13 . Memory (MB): peak = 504.152 ; gain = 209.363
Command: synth_design -top top -part xc7s50csga324-1
Starting synth_design
Attempting to get a license for feature 'Synthesis' and/or device 'xc7s50'
INFO: [Common 17-349] Got license for feature 'Synthesis' and/or device 'xc7s50'

*** Running vivado
    with args -log top.vds -m64 -product Vivado -mode batch -messageDb vivado.pb -notrace -source top.tcl



****** Vivado v2025.1 (64-bit)
  **** SW Build 6140274 on Thu May 22 00:12:29 MDT 2025
  **** IP Build 6138677 on Thu May 22 03:10:11 MDT 2025
  **** SharedData Build 6139179 on Tue May 20 17:58:58 MDT 2025
  **** Start of session at: Mon Mar 16 16:04:51 2026
    ** Copyright 1986-2022 Xilinx, Inc. All Rights Reserved.
    ** Copyright 2022-2025 Advanced Micro Devices, Inc. All Rights Reserved.

source top.tcl -notrace
Command: synth_design -top top -part xc7s50csga324-1
Starting synth_design
Attempting to get a license for feature 'Synthesis' and/or device 'xc7s50'
INFO: [Common 17-349] Got license for feature 'Synthesis' and/or device 'xc7s50'
INFO: [Device 21-403] Loading part xc7s50csga324-1
INFO: [Synth 8-7079] Multithreading enabled for synth_design using a maximum of 2 processes.
INFO: [Synth 8-7078] Launching helper process for spawning children vivado processes
INFO: [Synth 8-7075] Helper process launched with PID 22012
---------------------------------------------------------------------------------
Starting RTL Elaboration : Time (s): cpu = 00:00:06 ; elapsed = 00:00:08 . Memory (MB): peak = 1172.016 ; gain = 492.844
---------------------------------------------------------------------------------
WARNING: [Synth 8-6901] identifier 'flush_addr_q' is used before its declaration [C:/Users/Administrator/Desktop/SSIR/riscv_soc - Copy/fpga/arty/project.srcs/sources_1/imports/riscv_soc - Copy/soc/icache.v:202]
WARNING: [Synth 8-6901] identifier 'flush_addr_q' is used before its declaration [C:/Users/Administrator/Desktop/SSIR/riscv_soc - Copy/fpga/arty/project.srcs/sources_1/imports/riscv_soc - Copy/soc/icache.v:206]
INFO: [Synth 8-6157] synthesizing module 'top' [C:/Users/Administrator/Desktop/SSIR/riscv_soc - Copy/fpga/arty/project.srcs/sources_1/imports/Downloads/boolean_top.v:14]
INFO: [Synth 8-6157] synthesizing module 'artix7_pll' [C:/Users/Administrator/Desktop/SSIR/riscv_soc - Copy/fpga/arty/project.srcs/sources_1/imports/riscv_soc - Copy/fpga/arty/artix7_pll.v:46]
INFO: [Synth 8-6157] synthesizing module 'IBUF' [D:/Xilinx/2025.1/Vivado/scripts/rt/data/unisim_comp.v:76868]
INFO: [Synth 8-6155] done synthesizing module 'IBUF' (0#1) [D:/Xilinx/2025.1/Vivado/scripts/rt/data/unisim_comp.v:76868]
INFO: [Synth 8-6157] synthesizing module 'PLLE2_BASE' [D:/Xilinx/2025.1/Vivado/scripts/rt/data/unisim_comp.v:124666]
	Parameter BANDWIDTH bound to: OPTIMIZED - type: string 
	Parameter CLKFBOUT_MULT bound to: 8 - type: integer 
	Parameter CLKFBOUT_PHASE bound to: 0.000000 - type: double 
	Parameter CLKIN1_PERIOD bound to: 10.000000 - type: double 
	Parameter CLKOUT0_DIVIDE bound to: 8 - type: integer 
	Parameter CLKOUT0_DUTY_CYCLE bound to: 0.500000 - type: double 
	Parameter CLKOUT0_PHASE bound to: 0.000000 - type: double 
	Parameter CLKOUT1_DIVIDE bound to: 4 - type: integer 
	Parameter CLKOUT1_DUTY_CYCLE bound to: 0.500000 - type: double 
	Parameter CLKOUT1_PHASE bound to: 0.000000 - type: double 
	Parameter CLKOUT2_DIVIDE bound to: 32 - type: integer 
	Parameter CLKOUT2_DUTY_CYCLE bound to: 0.500000 - type: double 
	Parameter CLKOUT2_PHASE bound to: 0.000000 - type: double 
	Parameter DIVCLK_DIVIDE bound to: 1 - type: integer 
	Parameter REF_JITTER1 bound to: 0.000000 - type: double 
	Parameter STARTUP_WAIT bound to: TRUE - type: string 
INFO: [Synth 8-6155] done synthesizing module 'PLLE2_BASE' (0#1) [D:/Xilinx/2025.1/Vivado/scripts/rt/data/unisim_comp.v:124666]
INFO: [Synth 8-6157] synthesizing module 'BUFH' [D:/Xilinx/2025.1/Vivado/scripts/rt/data/unisim_comp.v:2926]
INFO: [Synth 8-6155] done synthesizing module 'BUFH' (0#1) [D:/Xilinx/2025.1/Vivado/scripts/rt/data/unisim_comp.v:2926]
INFO: [Synth 8-6155] done synthesizing module 'artix7_pll' (0#1) [C:/Users/Administrator/Desktop/SSIR/riscv_soc - Copy/fpga/arty/project.srcs/sources_1/imports/riscv_soc - Copy/fpga/arty/artix7_pll.v:46]
INFO: [Synth 8-6157] synthesizing module 'boolean_bram' [C:/Users/Administrator/Desktop/SSIR/riscv_soc - Copy/fpga/arty/project.srcs/sources_1/imports/Downloads/boolean_bram.v:18]
INFO: [Synth 8-6155] done synthesizing module 'boolean_bram' (0#1) [C:/Users/Administrator/Desktop/SSIR/riscv_soc - Copy/fpga/arty/project.srcs/sources_1/imports/Downloads/boolean_bram.v:18]
INFO: [Synth 8-6157] synthesizing module 'fpga_top' [C:/Users/Administrator/Desktop/SSIR/riscv_soc - Copy/fpga/arty/project.srcs/sources_1/imports/riscv_soc - Copy/fpga/arty/fpga_top.v:46]
INFO: [Synth 8-6157] synthesizing module 'dbg_bridge' [C:/Users/Administrator/Desktop/SSIR/riscv_soc - Copy/fpga/arty/project.srcs/sources_1/imports/riscv_soc - Copy/fpga/arty/dbg_bridge.v:39]
INFO: [Synth 8-6157] synthesizing module 'dbg_bridge_uart' [C:/Users/Administrator/Desktop/SSIR/riscv_soc - Copy/fpga/arty/project.srcs/sources_1/imports/riscv_soc - Copy/fpga/arty/dbg_bridge_uart.v:38]
	Parameter UART_DIVISOR_W bound to: 32 - type: integer 
INFO: [Synth 8-6155] done synthesizing module 'dbg_bridge_uart' (0#1) [C:/Users/Administrator/Desktop/SSIR/riscv_soc - Copy/fpga/arty/project.srcs/sources_1/imports/riscv_soc - Copy/fpga/arty/dbg_bridge_uart.v:38]
INFO: [Synth 8-6157] synthesizing module 'dbg_bridge_fifo' [C:/Users/Administrator/Desktop/SSIR/riscv_soc - Copy/fpga/arty/project.srcs/sources_1/imports/riscv_soc - Copy/fpga/arty/dbg_bridge_fifo.v:38]
	Parameter WIDTH bound to: 8 - type: integer 
	Parameter DEPTH bound to: 8 - type: integer 
	Parameter ADDR_W bound to: 3 - type: integer 
INFO: [Synth 8-6155] done synthesizing module 'dbg_bridge_fifo' (0#1) [C:/Users/Administrator/Desktop/SSIR/riscv_soc - Copy/fpga/arty/project.srcs/sources_1/imports/riscv_soc - Copy/fpga/arty/dbg_bridge_fifo.v:38]
WARNING: [Synth 8-693] zero replication count - replication ignored [C:/Users/Administrator/Desktop/SSIR/riscv_soc - Copy/fpga/arty/project.srcs/sources_1/imports/riscv_soc - Copy/fpga/arty/dbg_bridge.v:424]
INFO: [Synth 8-6155] done synthesizing module 'dbg_bridge' (0#1) [C:/Users/Administrator/Desktop/SSIR/riscv_soc - Copy/fpga/arty/project.srcs/sources_1/imports/riscv_soc - Copy/fpga/arty/dbg_bridge.v:39]
INFO: [Synth 8-6157] synthesizing module 'axi4_cdc' [C:/Users/Administrator/Desktop/SSIR/riscv_soc - Copy/fpga/arty/project.srcs/sources_1/imports/riscv_soc - Copy/fpga/arty/axi4_cdc.v:19]
INFO: [Synth 8-6155] done synthesizing module 'axi4_cdc' (0#1) [C:/Users/Administrator/Desktop/SSIR/riscv_soc - Copy/fpga/arty/project.srcs/sources_1/imports/riscv_soc - Copy/fpga/arty/axi4_cdc.v:19]
INFO: [Synth 8-6157] synthesizing module 'riscv_soc' [C:/Users/Administrator/Desktop/SSIR/riscv_soc - Copy/fpga/arty/project.srcs/sources_1/imports/riscv_soc - Copy/soc/riscv_soc.v:46]
INFO: [Synth 8-6157] synthesizing module 'axi4lite_axi4_conv' [C:/Users/Administrator/Desktop/SSIR/riscv_soc - Copy/fpga/arty/project.srcs/sources_1/imports/riscv_soc - Copy/soc/axi4lite_axi4_conv.v:46]
INFO: [Synth 8-6155] done synthesizing module 'axi4lite_axi4_conv' (0#1) [C:/Users/Administrator/Desktop/SSIR/riscv_soc - Copy/fpga/arty/project.srcs/sources_1/imports/riscv_soc - Copy/soc/axi4lite_axi4_conv.v:46]
INFO: [Synth 8-6157] synthesizing module 'riscv_top' [C:/Users/Administrator/Desktop/SSIR/riscv_soc - Copy/fpga/arty/project.srcs/sources_1/imports/riscv_soc - Copy/soc/riscv_top.v:46]
INFO: [Synth 8-6157] synthesizing module 'dport_bridge' [C:/Users/Administrator/Desktop/SSIR/riscv_soc - Copy/fpga/arty/project.srcs/sources_1/imports/riscv_soc - Copy/soc/dport_bridge.v:46]
INFO: [Synth 8-6157] synthesizing module 'dport_bridge_fifo' [C:/Users/Administrator/Desktop/SSIR/riscv_soc - Copy/fpga/arty/project.srcs/sources_1/imports/riscv_soc - Copy/soc/dport_bridge.v:254]
	Parameter WIDTH bound to: 69 - type: integer 
	Parameter DEPTH bound to: 4 - type: integer 
	Parameter ADDR_W bound to: 2 - type: integer 
INFO: [Synth 8-6155] done synthesizing module 'dport_bridge_fifo' (0#1) [C:/Users/Administrator/Desktop/SSIR/riscv_soc - Copy/fpga/arty/project.srcs/sources_1/imports/riscv_soc - Copy/soc/dport_bridge.v:254]
INFO: [Synth 8-6157] synthesizing module 'dport_bridge_fifo__parameterized0' [C:/Users/Administrator/Desktop/SSIR/riscv_soc - Copy/fpga/arty/project.srcs/sources_1/imports/riscv_soc - Copy/soc/dport_bridge.v:254]
	Parameter WIDTH bound to: 11 - type: integer 
	Parameter DEPTH bound to: 4 - type: integer 
	Parameter ADDR_W bound to: 2 - type: integer 
INFO: [Synth 8-6155] done synthesizing module 'dport_bridge_fifo__parameterized0' (0#1) [C:/Users/Administrator/Desktop/SSIR/riscv_soc - Copy/fpga/arty/project.srcs/sources_1/imports/riscv_soc - Copy/soc/dport_bridge.v:254]
INFO: [Synth 8-6155] done synthesizing module 'dport_bridge' (0#1) [C:/Users/Administrator/Desktop/SSIR/riscv_soc - Copy/fpga/arty/project.srcs/sources_1/imports/riscv_soc - Copy/soc/dport_bridge.v:46]
INFO: [Synth 8-6157] synthesizing module 'riscv_core' [C:/Users/Administrator/Desktop/SSIR/riscv_soc - Copy/fpga/arty/project.srcs/sources_1/imports/riscv_soc - Copy/core/core/rv32imsu/riscv_core.v:42]
INFO: [Synth 8-6157] synthesizing module 'riscv_exec' [C:/Users/Administrator/Desktop/SSIR/riscv_soc - Copy/fpga/arty/project.srcs/sources_1/imports/riscv_soc - Copy/core/core/rv32imsu/riscv_exec.v:42]
INFO: [Synth 8-6157] synthesizing module 'riscv_alu' [C:/Users/Administrator/Desktop/SSIR/riscv_soc - Copy/fpga/arty/project.srcs/sources_1/imports/riscv_soc - Copy/core/core/rv32imsu/riscv_alu.v:42]
INFO: [Synth 8-6155] done synthesizing module 'riscv_alu' (0#1) [C:/Users/Administrator/Desktop/SSIR/riscv_soc - Copy/fpga/arty/project.srcs/sources_1/imports/riscv_soc - Copy/core/core/rv32imsu/riscv_alu.v:42]
INFO: [Synth 8-6155] done synthesizing module 'riscv_exec' (0#1) [C:/Users/Administrator/Desktop/SSIR/riscv_soc - Copy/fpga/arty/project.srcs/sources_1/imports/riscv_soc - Copy/core/core/rv32imsu/riscv_exec.v:42]
INFO: [Synth 8-6157] synthesizing module 'riscv_mmu' [C:/Users/Administrator/Desktop/SSIR/riscv_soc - Copy/fpga/arty/project.srcs/sources_1/imports/riscv_soc - Copy/core/core/rv32imsu/riscv_mmu.v:42]
INFO: [Synth 8-6155] done synthesizing module 'riscv_mmu' (0#1) [C:/Users/Administrator/Desktop/SSIR/riscv_soc - Copy/fpga/arty/project.srcs/sources_1/imports/riscv_soc - Copy/core/core/rv32imsu/riscv_mmu.v:42]
INFO: [Synth 8-6157] synthesizing module 'riscv_mmu_arb' [C:/Users/Administrator/Desktop/SSIR/riscv_soc - Copy/fpga/arty/project.srcs/sources_1/imports/riscv_soc - Copy/core/core/rv32imsu/riscv_mmu_arb.v:42]
INFO: [Synth 8-6155] done synthesizing module 'riscv_mmu_arb' (0#1) [C:/Users/Administrator/Desktop/SSIR/riscv_soc - Copy/fpga/arty/project.srcs/sources_1/imports/riscv_soc - Copy/core/core/rv32imsu/riscv_mmu_arb.v:42]
INFO: [Synth 8-6157] synthesizing module 'riscv_lsu' [C:/Users/Administrator/Desktop/SSIR/riscv_soc - Copy/fpga/arty/project.srcs/sources_1/imports/riscv_soc - Copy/core/core/rv32imsu/riscv_lsu.v:42]
INFO: [Synth 8-226] default block is never used [C:/Users/Administrator/Desktop/SSIR/riscv_soc - Copy/fpga/arty/project.srcs/sources_1/imports/riscv_soc - Copy/core/core/rv32imsu/riscv_lsu.v:212]
INFO: [Synth 8-6155] done synthesizing module 'riscv_lsu' (0#1) [C:/Users/Administrator/Desktop/SSIR/riscv_soc - Copy/fpga/arty/project.srcs/sources_1/imports/riscv_soc - Copy/core/core/rv32imsu/riscv_lsu.v:42]
INFO: [Synth 8-6157] synthesizing module 'riscv_csr' [C:/Users/Administrator/Desktop/SSIR/riscv_soc - Copy/fpga/arty/project.srcs/sources_1/imports/riscv_soc - Copy/core/core/rv32imsu/riscv_csr.v:42]
INFO: [Synth 8-6155] done synthesizing module 'riscv_csr' (0#1) [C:/Users/Administrator/Desktop/SSIR/riscv_soc - Copy/fpga/arty/project.srcs/sources_1/imports/riscv_soc - Copy/core/core/rv32imsu/riscv_csr.v:42]
INFO: [Synth 8-6157] synthesizing module 'riscv_muldiv' [C:/Users/Administrator/Desktop/SSIR/riscv_soc - Copy/fpga/arty/project.srcs/sources_1/imports/riscv_soc - Copy/core/core/rv32imsu/riscv_muldiv.v:42]
INFO: [Synth 8-155] case statement is not full and has no default [C:/Users/Administrator/Desktop/SSIR/riscv_soc - Copy/fpga/arty/project.srcs/sources_1/imports/riscv_soc - Copy/core/core/rv32imsu/riscv_muldiv.v:131]
INFO: [Synth 8-6155] done synthesizing module 'riscv_muldiv' (0#1) [C:/Users/Administrator/Desktop/SSIR/riscv_soc - Copy/fpga/arty/project.srcs/sources_1/imports/riscv_soc - Copy/core/core/rv32imsu/riscv_muldiv.v:42]
INFO: [Synth 8-6157] synthesizing module 'riscv_decode' [C:/Users/Administrator/Desktop/SSIR/riscv_soc - Copy/fpga/arty/project.srcs/sources_1/imports/riscv_soc - Copy/core/core/rv32imsu/riscv_decode.v:42]
INFO: [Synth 8-6157] synthesizing module 'riscv_regfile' [C:/Users/Administrator/Desktop/SSIR/riscv_soc - Copy/fpga/arty/project.srcs/sources_1/imports/riscv_soc - Copy/core/core/rv32imsu/riscv_regfile.v:42]
INFO: [Synth 8-6155] done synthesizing module 'riscv_regfile' (0#1) [C:/Users/Administrator/Desktop/SSIR/riscv_soc - Copy/fpga/arty/project.srcs/sources_1/imports/riscv_soc - Copy/core/core/rv32imsu/riscv_regfile.v:42]
INFO: [Synth 8-6155] done synthesizing module 'riscv_decode' (0#1) [C:/Users/Administrator/Desktop/SSIR/riscv_soc - Copy/fpga/arty/project.srcs/sources_1/imports/riscv_soc - Copy/core/core/rv32imsu/riscv_decode.v:42]
INFO: [Synth 8-6157] synthesizing module 'riscv_fetch' [C:/Users/Administrator/Desktop/SSIR/riscv_soc - Copy/fpga/arty/project.srcs/sources_1/imports/riscv_soc - Copy/core/core/rv32imsu/riscv_fetch.v:42]
INFO: [Synth 8-6155] done synthesizing module 'riscv_fetch' (0#1) [C:/Users/Administrator/Desktop/SSIR/riscv_soc - Copy/fpga/arty/project.srcs/sources_1/imports/riscv_soc - Copy/core/core/rv32imsu/riscv_fetch.v:42]
INFO: [Synth 8-6155] done synthesizing module 'riscv_core' (0#1) [C:/Users/Administrator/Desktop/SSIR/riscv_soc - Copy/fpga/arty/project.srcs/sources_1/imports/riscv_soc - Copy/core/core/rv32imsu/riscv_core.v:42]
INFO: [Synth 8-6157] synthesizing module 'icache' [C:/Users/Administrator/Desktop/SSIR/riscv_soc - Copy/fpga/arty/project.srcs/sources_1/imports/riscv_soc - Copy/soc/icache.v:46]
INFO: [Synth 8-6157] synthesizing module 'icache_tag_ram' [C:/Users/Administrator/Desktop/SSIR/riscv_soc - Copy/fpga/arty/project.srcs/sources_1/imports/riscv_soc - Copy/soc/icache_tag_ram.v:46]
INFO: [Synth 8-6155] done synthesizing module 'icache_tag_ram' (0#1) [C:/Users/Administrator/Desktop/SSIR/riscv_soc - Copy/fpga/arty/project.srcs/sources_1/imports/riscv_soc - Copy/soc/icache_tag_ram.v:46]
INFO: [Synth 8-6157] synthesizing module 'icache_data_ram' [C:/Users/Administrator/Desktop/SSIR/riscv_soc - Copy/fpga/arty/project.srcs/sources_1/imports/riscv_soc - Copy/soc/icache_data_ram.v:46]
INFO: [Synth 8-6155] done synthesizing module 'icache_data_ram' (0#1) [C:/Users/Administrator/Desktop/SSIR/riscv_soc - Copy/fpga/arty/project.srcs/sources_1/imports/riscv_soc - Copy/soc/icache_data_ram.v:46]
INFO: [Synth 8-155] case statement is not full and has no default [C:/Users/Administrator/Desktop/SSIR/riscv_soc - Copy/fpga/arty/project.srcs/sources_1/imports/riscv_soc - Copy/soc/icache.v:414]
INFO: [Synth 8-226] default block is never used [C:/Users/Administrator/Desktop/SSIR/riscv_soc - Copy/fpga/arty/project.srcs/sources_1/imports/riscv_soc - Copy/soc/icache.v:429]
INFO: [Synth 8-6155] done synthesizing module 'icache' (0#1) [C:/Users/Administrator/Desktop/SSIR/riscv_soc - Copy/fpga/arty/project.srcs/sources_1/imports/riscv_soc - Copy/soc/icache.v:46]
INFO: [Synth 8-6155] done synthesizing module 'riscv_top' (0#1) [C:/Users/Administrator/Desktop/SSIR/riscv_soc - Copy/fpga/arty/project.srcs/sources_1/imports/riscv_soc - Copy/soc/riscv_top.v:46]
INFO: [Synth 8-6157] synthesizing module 'soc' [C:/Users/Administrator/Desktop/SSIR/riscv_soc - Copy/fpga/arty/project.srcs/sources_1/imports/riscv_soc - Copy/soc/soc.v:46]
INFO: [Synth 8-6157] synthesizing module 'irq_ctrl' [C:/Users/Administrator/Desktop/SSIR/riscv_soc - Copy/fpga/arty/project.srcs/sources_1/imports/riscv_soc - Copy/soc/irq_ctrl.v:51]
INFO: [Synth 8-6155] done synthesizing module 'irq_ctrl' (0#1) [C:/Users/Administrator/Desktop/SSIR/riscv_soc - Copy/fpga/arty/project.srcs/sources_1/imports/riscv_soc - Copy/soc/irq_ctrl.v:51]
INFO: [Synth 8-6157] synthesizing module 'uart_lite' [C:/Users/Administrator/Desktop/SSIR/riscv_soc - Copy/fpga/arty/project.srcs/sources_1/imports/riscv_soc - Copy/soc/uart_lite.v:51]
INFO: [Synth 8-6155] done synthesizing module 'uart_lite' (0#1) [C:/Users/Administrator/Desktop/SSIR/riscv_soc - Copy/fpga/arty/project.srcs/sources_1/imports/riscv_soc - Copy/soc/uart_lite.v:51]
INFO: [Synth 8-6157] synthesizing module 'timer' [C:/Users/Administrator/Desktop/SSIR/riscv_soc - Copy/fpga/arty/project.srcs/sources_1/imports/riscv_soc - Copy/soc/timer.v:51]
INFO: [Synth 8-6155] done synthesizing module 'timer' (0#1) [C:/Users/Administrator/Desktop/SSIR/riscv_soc - Copy/fpga/arty/project.srcs/sources_1/imports/riscv_soc - Copy/soc/timer.v:51]
INFO: [Synth 8-6157] synthesizing module 'axi4_lite_tap' [C:/Users/Administrator/Desktop/SSIR/riscv_soc - Copy/fpga/arty/project.srcs/sources_1/imports/riscv_soc - Copy/soc/axi4_lite_tap.v:46]
INFO: [Synth 8-6155] done synthesizing module 'axi4_lite_tap' (0#1) [C:/Users/Administrator/Desktop/SSIR/riscv_soc - Copy/fpga/arty/project.srcs/sources_1/imports/riscv_soc - Copy/soc/axi4_lite_tap.v:46]
INFO: [Synth 8-6157] synthesizing module 'axi4_arb' [C:/Users/Administrator/Desktop/SSIR/riscv_soc - Copy/fpga/arty/project.srcs/sources_1/imports/riscv_soc - Copy/soc/axi4_arb.v:46]
INFO: [Synth 8-6157] synthesizing module 'axi4_arb_onehot4' [C:/Users/Administrator/Desktop/SSIR/riscv_soc - Copy/fpga/arty/project.srcs/sources_1/imports/riscv_soc - Copy/soc/axi4_arb.v:585]
INFO: [Synth 8-6155] done synthesizing module 'axi4_arb_onehot4' (0#1) [C:/Users/Administrator/Desktop/SSIR/riscv_soc - Copy/fpga/arty/project.srcs/sources_1/imports/riscv_soc - Copy/soc/axi4_arb.v:585]
INFO: [Synth 8-226] default block is never used [C:/Users/Administrator/Desktop/SSIR/riscv_soc - Copy/fpga/arty/project.srcs/sources_1/imports/riscv_soc - Copy/soc/axi4_arb.v:304]
INFO: [Synth 8-226] default block is never used [C:/Users/Administrator/Desktop/SSIR/riscv_soc - Copy/fpga/arty/project.srcs/sources_1/imports/riscv_soc - Copy/soc/axi4_arb.v:545]
INFO: [Synth 8-6155] done synthesizing module 'axi4_arb' (0#1) [C:/Users/Administrator/Desktop/SSIR/riscv_soc - Copy/fpga/arty/project.srcs/sources_1/imports/riscv_soc - Copy/soc/axi4_arb.v:46]
INFO: [Synth 8-6157] synthesizing module 'spi_lite' [C:/Users/Administrator/Desktop/SSIR/riscv_soc - Copy/fpga/arty/project.srcs/sources_1/imports/riscv_soc - Copy/soc/spi_lite.v:51]
INFO: [Synth 8-6157] synthesizing module 'spi_lite_fifo' [C:/Users/Administrator/Desktop/SSIR/riscv_soc - Copy/fpga/arty/project.srcs/sources_1/imports/riscv_soc - Copy/soc/spi_lite.v:836]
	Parameter WIDTH bound to: 8 - type: integer 
	Parameter DEPTH bound to: 4 - type: integer 
	Parameter ADDR_W bound to: 2 - type: integer 
INFO: [Synth 8-6155] done synthesizing module 'spi_lite_fifo' (0#1) [C:/Users/Administrator/Desktop/SSIR/riscv_soc - Copy/fpga/arty/project.srcs/sources_1/imports/riscv_soc - Copy/soc/spi_lite.v:836]
INFO: [Synth 8-6155] done synthesizing module 'spi_lite' (0#1) [C:/Users/Administrator/Desktop/SSIR/riscv_soc - Copy/fpga/arty/project.srcs/sources_1/imports/riscv_soc - Copy/soc/spi_lite.v:51]
INFO: [Synth 8-6157] synthesizing module 'axi4_retime' [C:/Users/Administrator/Desktop/SSIR/riscv_soc - Copy/fpga/arty/project.srcs/sources_1/imports/riscv_soc - Copy/soc/axi4_retime.v:46]
INFO: [Synth 8-6157] synthesizing module 'axi4retime_fifo2x46' [C:/Users/Administrator/Desktop/SSIR/riscv_soc - Copy/fpga/arty/project.srcs/sources_1/imports/riscv_soc - Copy/soc/axi4_retime.v:387]
INFO: [Synth 8-6155] done synthesizing module 'axi4retime_fifo2x46' (0#1) [C:/Users/Administrator/Desktop/SSIR/riscv_soc - Copy/fpga/arty/project.srcs/sources_1/imports/riscv_soc - Copy/soc/axi4_retime.v:387]
INFO: [Synth 8-6157] synthesizing module 'axi4retime_fifo2x37' [C:/Users/Administrator/Desktop/SSIR/riscv_soc - Copy/fpga/arty/project.srcs/sources_1/imports/riscv_soc - Copy/soc/axi4_retime.v:228]
INFO: [Synth 8-6155] done synthesizing module 'axi4retime_fifo2x37' (0#1) [C:/Users/Administrator/Desktop/SSIR/riscv_soc - Copy/fpga/arty/project.srcs/sources_1/imports/riscv_soc - Copy/soc/axi4_retime.v:228]
INFO: [Synth 8-6157] synthesizing module 'axi4retime_fifo2x6' [C:/Users/Administrator/Desktop/SSIR/riscv_soc - Copy/fpga/arty/project.srcs/sources_1/imports/riscv_soc - Copy/soc/axi4_retime.v:466]
INFO: [Synth 8-6155] done synthesizing module 'axi4retime_fifo2x6' (0#1) [C:/Users/Administrator/Desktop/SSIR/riscv_soc - Copy/fpga/arty/project.srcs/sources_1/imports/riscv_soc - Copy/soc/axi4_retime.v:466]
INFO: [Synth 8-6157] synthesizing module 'axi4retime_fifo2x39' [C:/Users/Administrator/Desktop/SSIR/riscv_soc - Copy/fpga/arty/project.srcs/sources_1/imports/riscv_soc - Copy/soc/axi4_retime.v:307]
INFO: [Synth 8-6155] done synthesizing module 'axi4retime_fifo2x39' (0#1) [C:/Users/Administrator/Desktop/SSIR/riscv_soc - Copy/fpga/arty/project.srcs/sources_1/imports/riscv_soc - Copy/soc/axi4_retime.v:307]
INFO: [Synth 8-6155] done synthesizing module 'axi4_retime' (0#1) [C:/Users/Administrator/Desktop/SSIR/riscv_soc - Copy/fpga/arty/project.srcs/sources_1/imports/riscv_soc - Copy/soc/axi4_retime.v:46]
INFO: [Synth 8-6157] synthesizing module 'gpio' [C:/Users/Administrator/Desktop/SSIR/riscv_soc - Copy/fpga/arty/project.srcs/sources_1/imports/riscv_soc - Copy/soc/gpio.v:51]
INFO: [Synth 8-6155] done synthesizing module 'gpio' (0#1) [C:/Users/Administrator/Desktop/SSIR/riscv_soc - Copy/fpga/arty/project.srcs/sources_1/imports/riscv_soc - Copy/soc/gpio.v:51]
INFO: [Synth 8-6155] done synthesizing module 'soc' (0#1) [C:/Users/Administrator/Desktop/SSIR/riscv_soc - Copy/fpga/arty/project.srcs/sources_1/imports/riscv_soc - Copy/soc/soc.v:46]
INFO: [Synth 8-6155] done synthesizing module 'riscv_soc' (0#1) [C:/Users/Administrator/Desktop/SSIR/riscv_soc - Copy/fpga/arty/project.srcs/sources_1/imports/riscv_soc - Copy/soc/riscv_soc.v:46]
INFO: [Synth 8-6155] done synthesizing module 'fpga_top' (0#1) [C:/Users/Administrator/Desktop/SSIR/riscv_soc - Copy/fpga/arty/project.srcs/sources_1/imports/riscv_soc - Copy/fpga/arty/fpga_top.v:46]
INFO: [Synth 8-6155] done synthesizing module 'top' (0#1) [C:/Users/Administrator/Desktop/SSIR/riscv_soc - Copy/fpga/arty/project.srcs/sources_1/imports/Downloads/boolean_top.v:14]
WARNING: [Synth 8-7137] Register ram_q_reg in module dbg_bridge_fifo has both Set and reset with same priority. This may cause simulation mismatches. Consider rewriting code 
WARNING: [Synth 8-4767] Trying to implement RAM 'ram_q_reg' in registers. Block RAM or DRAM implementation is not possible; see log for reasons.
Reason is one or more of the following :
	1: RAM is sensitive to asynchronous reset signal. this RTL style is not supported. 
RAM "ram_q_reg" dissolved into registers
WARNING: [Synth 8-7137] Register ram_q_reg in module dport_bridge_fifo has both Set and reset with same priority. This may cause simulation mismatches. Consider rewriting code 
WARNING: [Synth 8-4767] Trying to implement RAM 'ram_q_reg' in registers. Block RAM or DRAM implementation is not possible; see log for reasons.
Reason is one or more of the following :
	1: RAM is sensitive to asynchronous reset signal. this RTL style is not supported. 
RAM "ram_q_reg" dissolved into registers
WARNING: [Synth 8-7137] Register ram_q_reg in module dport_bridge_fifo__parameterized0 has both Set and reset with same priority. This may cause simulation mismatches. Consider rewriting code 
WARNING: [Synth 8-4767] Trying to implement RAM 'ram_q_reg' in registers. Block RAM or DRAM implementation is not possible; see log for reasons.
Reason is one or more of the following :
	1: RAM is sensitive to asynchronous reset signal. this RTL style is not supported. 
RAM "ram_q_reg" dissolved into registers
WARNING: [Synth 8-3936] Found unconnected internal register 'imm12_r_reg' and it is trimmed from '32' to '12' bits. [C:/Users/Administrator/Desktop/SSIR/riscv_soc - Copy/fpga/arty/project.srcs/sources_1/imports/riscv_soc - Copy/core/core/rv32imsu/riscv_csr.v:216]
WARNING: [Synth 8-6014] Unused sequential element irq_isr_wr_q_reg was removed.  [C:/Users/Administrator/Desktop/SSIR/riscv_soc - Copy/fpga/arty/project.srcs/sources_1/imports/riscv_soc - Copy/soc/irq_ctrl.v:114]
WARNING: [Synth 8-6014] Unused sequential element irq_ipr_wr_q_reg was removed.  [C:/Users/Administrator/Desktop/SSIR/riscv_soc - Copy/fpga/arty/project.srcs/sources_1/imports/riscv_soc - Copy/soc/irq_ctrl.v:131]
WARNING: [Synth 8-6014] Unused sequential element irq_iar_wr_q_reg was removed.  [C:/Users/Administrator/Desktop/SSIR/riscv_soc - Copy/fpga/arty/project.srcs/sources_1/imports/riscv_soc - Copy/soc/irq_ctrl.v:162]
WARNING: [Synth 8-6014] Unused sequential element irq_ivr_wr_q_reg was removed.  [C:/Users/Administrator/Desktop/SSIR/riscv_soc - Copy/fpga/arty/project.srcs/sources_1/imports/riscv_soc - Copy/soc/irq_ctrl.v:223]
WARNING: [Synth 8-6014] Unused sequential element irq_mer_wr_q_reg was removed.  [C:/Users/Administrator/Desktop/SSIR/riscv_soc - Copy/fpga/arty/project.srcs/sources_1/imports/riscv_soc - Copy/soc/irq_ctrl.v:240]
WARNING: [Synth 8-6014] Unused sequential element ulite_rx_wr_q_reg was removed.  [C:/Users/Administrator/Desktop/SSIR/riscv_soc - Copy/fpga/arty/project.srcs/sources_1/imports/riscv_soc - Copy/soc/uart_lite.v:112]
WARNING: [Synth 8-6014] Unused sequential element ulite_status_wr_q_reg was removed.  [C:/Users/Administrator/Desktop/SSIR/riscv_soc - Copy/fpga/arty/project.srcs/sources_1/imports/riscv_soc - Copy/soc/uart_lite.v:143]
WARNING: [Synth 8-6014] Unused sequential element ulite_control_wr_q_reg was removed.  [C:/Users/Administrator/Desktop/SSIR/riscv_soc - Copy/fpga/arty/project.srcs/sources_1/imports/riscv_soc - Copy/soc/uart_lite.v:161]
WARNING: [Synth 8-6014] Unused sequential element ulite_control_rst_tx_q_reg was removed.  [C:/Users/Administrator/Desktop/SSIR/riscv_soc - Copy/fpga/arty/project.srcs/sources_1/imports/riscv_soc - Copy/soc/uart_lite.v:198]
WARNING: [Synth 8-6014] Unused sequential element rx_err_q_reg was removed.  [C:/Users/Administrator/Desktop/SSIR/riscv_soc - Copy/fpga/arty/project.srcs/sources_1/imports/riscv_soc - Copy/soc/uart_lite.v:432]
WARNING: [Synth 8-6014] Unused sequential element timer_ctrl0_wr_q_reg was removed.  [C:/Users/Administrator/Desktop/SSIR/riscv_soc - Copy/fpga/arty/project.srcs/sources_1/imports/riscv_soc - Copy/soc/timer.v:110]
WARNING: [Synth 8-6014] Unused sequential element timer_cmp0_wr_q_reg was removed.  [C:/Users/Administrator/Desktop/SSIR/riscv_soc - Copy/fpga/arty/project.srcs/sources_1/imports/riscv_soc - Copy/soc/timer.v:147]
WARNING: [Synth 8-6014] Unused sequential element timer_ctrl1_wr_q_reg was removed.  [C:/Users/Administrator/Desktop/SSIR/riscv_soc - Copy/fpga/arty/project.srcs/sources_1/imports/riscv_soc - Copy/soc/timer.v:189]
WARNING: [Synth 8-6014] Unused sequential element timer_cmp1_wr_q_reg was removed.  [C:/Users/Administrator/Desktop/SSIR/riscv_soc - Copy/fpga/arty/project.srcs/sources_1/imports/riscv_soc - Copy/soc/timer.v:226]
WARNING: [Synth 8-7137] Register read_port_q_reg in module axi4_lite_tap has both Set and reset with same priority. This may cause simulation mismatches. Consider rewriting code  [C:/Users/Administrator/Desktop/SSIR/riscv_soc - Copy/fpga/arty/project.srcs/sources_1/imports/riscv_soc - Copy/soc/axi4_lite_tap.v:254]
WARNING: [Synth 8-7137] Register write_port_q_reg in module axi4_lite_tap has both Set and reset with same priority. This may cause simulation mismatches. Consider rewriting code  [C:/Users/Administrator/Desktop/SSIR/riscv_soc - Copy/fpga/arty/project.srcs/sources_1/imports/riscv_soc - Copy/soc/axi4_lite_tap.v:417]
WARNING: [Synth 8-7137] Register ram_q_reg in module spi_lite_fifo has both Set and reset with same priority. This may cause simulation mismatches. Consider rewriting code 
WARNING: [Synth 8-4767] Trying to implement RAM 'ram_q_reg' in registers. Block RAM or DRAM implementation is not possible; see log for reasons.
Reason is one or more of the following :
	1: RAM is sensitive to asynchronous reset signal. this RTL style is not supported. 
RAM "ram_q_reg" dissolved into registers
WARNING: [Synth 8-6014] Unused sequential element spi_dgier_wr_q_reg was removed.  [C:/Users/Administrator/Desktop/SSIR/riscv_soc - Copy/fpga/arty/project.srcs/sources_1/imports/riscv_soc - Copy/soc/spi_lite.v:114]
WARNING: [Synth 8-6014] Unused sequential element spi_ipier_wr_q_reg was removed.  [C:/Users/Administrator/Desktop/SSIR/riscv_soc - Copy/fpga/arty/project.srcs/sources_1/imports/riscv_soc - Copy/soc/spi_lite.v:156]
WARNING: [Synth 8-6014] Unused sequential element spi_srr_wr_q_reg was removed.  [C:/Users/Administrator/Desktop/SSIR/riscv_soc - Copy/fpga/arty/project.srcs/sources_1/imports/riscv_soc - Copy/soc/spi_lite.v:181]
WARNING: [Synth 8-6014] Unused sequential element spi_sr_wr_q_reg was removed.  [C:/Users/Administrator/Desktop/SSIR/riscv_soc - Copy/fpga/arty/project.srcs/sources_1/imports/riscv_soc - Copy/soc/spi_lite.v:345]
WARNING: [Synth 8-6014] Unused sequential element spi_drr_wr_q_reg was removed.  [C:/Users/Administrator/Desktop/SSIR/riscv_soc - Copy/fpga/arty/project.srcs/sources_1/imports/riscv_soc - Copy/soc/spi_lite.v:379]
WARNING: [Synth 8-6014] Unused sequential element spi_ssr_wr_q_reg was removed.  [C:/Users/Administrator/Desktop/SSIR/riscv_soc - Copy/fpga/arty/project.srcs/sources_1/imports/riscv_soc - Copy/soc/spi_lite.v:393]
WARNING: [Synth 8-7137] Register ram_q_reg in module axi4retime_fifo2x46 has both Set and reset with same priority. This may cause simulation mismatches. Consider rewriting code 
WARNING: [Synth 8-4767] Trying to implement RAM 'ram_q_reg' in registers. Block RAM or DRAM implementation is not possible; see log for reasons.
Reason is one or more of the following :
	1: RAM is sensitive to asynchronous reset signal. this RTL style is not supported. 
RAM "ram_q_reg" dissolved into registers
WARNING: [Synth 8-7137] Register ram_q_reg in module axi4retime_fifo2x37 has both Set and reset with same priority. This may cause simulation mismatches. Consider rewriting code 
WARNING: [Synth 8-4767] Trying to implement RAM 'ram_q_reg' in registers. Block RAM or DRAM implementation is not possible; see log for reasons.
Reason is one or more of the following :
	1: RAM is sensitive to asynchronous reset signal. this RTL style is not supported. 
RAM "ram_q_reg" dissolved into registers
WARNING: [Synth 8-7137] Register ram_q_reg in module axi4retime_fifo2x6 has both Set and reset with same priority. This may cause simulation mismatches. Consider rewriting code 
WARNING: [Synth 8-4767] Trying to implement RAM 'ram_q_reg' in registers. Block RAM or DRAM implementation is not possible; see log for reasons.
Reason is one or more of the following :
	1: RAM is sensitive to asynchronous reset signal. this RTL style is not supported. 
RAM "ram_q_reg" dissolved into registers
WARNING: [Synth 8-7137] Register ram_q_reg in module axi4retime_fifo2x39 has both Set and reset with same priority. This may cause simulation mismatches. Consider rewriting code 
WARNING: [Synth 8-4767] Trying to implement RAM 'ram_q_reg' in registers. Block RAM or DRAM implementation is not possible; see log for reasons.
Reason is one or more of the following :
	1: RAM is sensitive to asynchronous reset signal. this RTL style is not supported. 
RAM "ram_q_reg" dissolved into registers
WARNING: [Synth 8-6014] Unused sequential element gpio_direction_wr_q_reg was removed.  [C:/Users/Administrator/Desktop/SSIR/riscv_soc - Copy/fpga/arty/project.srcs/sources_1/imports/riscv_soc - Copy/soc/gpio.v:113]
WARNING: [Synth 8-6014] Unused sequential element gpio_input_wr_q_reg was removed.  [C:/Users/Administrator/Desktop/SSIR/riscv_soc - Copy/fpga/arty/project.srcs/sources_1/imports/riscv_soc - Copy/soc/gpio.v:138]
WARNING: [Synth 8-6014] Unused sequential element gpio_int_mask_wr_q_reg was removed.  [C:/Users/Administrator/Desktop/SSIR/riscv_soc - Copy/fpga/arty/project.srcs/sources_1/imports/riscv_soc - Copy/soc/gpio.v:203]
WARNING: [Synth 8-6014] Unused sequential element gpio_int_status_wr_q_reg was removed.  [C:/Users/Administrator/Desktop/SSIR/riscv_soc - Copy/fpga/arty/project.srcs/sources_1/imports/riscv_soc - Copy/soc/gpio.v:262]
WARNING: [Synth 8-6014] Unused sequential element gpio_int_level_wr_q_reg was removed.  [C:/Users/Administrator/Desktop/SSIR/riscv_soc - Copy/fpga/arty/project.srcs/sources_1/imports/riscv_soc - Copy/soc/gpio.v:276]
WARNING: [Synth 8-6014] Unused sequential element gpio_int_mode_wr_q_reg was removed.  [C:/Users/Administrator/Desktop/SSIR/riscv_soc - Copy/fpga/arty/project.srcs/sources_1/imports/riscv_soc - Copy/soc/gpio.v:301]
WARNING: [Synth 8-3848] Net gpio_output_data_in_w in module/entity gpio does not have driver. [C:/Users/Administrator/Desktop/SSIR/riscv_soc - Copy/fpga/arty/project.srcs/sources_1/imports/riscv_soc - Copy/soc/gpio.v:320]
WARNING: [Synth 8-3917] design top has port led[3] driven by constant 0
WARNING: [Synth 8-3917] design top has port led[2] driven by constant 0
WARNING: [Synth 8-3917] design top has port led[1] driven by constant 0
WARNING: [Synth 8-3917] design top has port led[0] driven by constant 1
WARNING: [Synth 8-7129] Port cfg_awaddr_i[31] in module gpio is either unconnected or has no load
WARNING: [Synth 8-7129] Port cfg_awaddr_i[30] in module gpio is either unconnected or has no load
WARNING: [Synth 8-7129] Port cfg_awaddr_i[29] in module gpio is either unconnected or has no load
WARNING: [Synth 8-7129] Port cfg_awaddr_i[28] in module gpio is either unconnected or has no load
WARNING: [Synth 8-7129] Port cfg_awaddr_i[27] in module gpio is either unconnected or has no load
WARNING: [Synth 8-7129] Port cfg_awaddr_i[26] in module gpio is either unconnected or has no load
WARNING: [Synth 8-7129] Port cfg_awaddr_i[25] in module gpio is either unconnected or has no load
WARNING: [Synth 8-7129] Port cfg_awaddr_i[24] in module gpio is either unconnected or has no load
WARNING: [Synth 8-7129] Port cfg_awaddr_i[23] in module gpio is either unconnected or has no load
WARNING: [Synth 8-7129] Port cfg_awaddr_i[22] in module gpio is either unconnected or has no load
WARNING: [Synth 8-7129] Port cfg_awaddr_i[21] in module gpio is either unconnected or has no load
WARNING: [Synth 8-7129] Port cfg_awaddr_i[20] in module gpio is either unconnected or has no load
WARNING: [Synth 8-7129] Port cfg_awaddr_i[19] in module gpio is either unconnected or has no load
WARNING: [Synth 8-7129] Port cfg_awaddr_i[18] in module gpio is either unconnected or has no load
WARNING: [Synth 8-7129] Port cfg_awaddr_i[17] in module gpio is either unconnected or has no load
WARNING: [Synth 8-7129] Port cfg_awaddr_i[16] in module gpio is either unconnected or has no load
WARNING: [Synth 8-7129] Port cfg_awaddr_i[15] in module gpio is either unconnected or has no load
WARNING: [Synth 8-7129] Port cfg_awaddr_i[14] in module gpio is either unconnected or has no load
WARNING: [Synth 8-7129] Port cfg_awaddr_i[13] in module gpio is either unconnected or has no load
WARNING: [Synth 8-7129] Port cfg_awaddr_i[12] in module gpio is either unconnected or has no load
WARNING: [Synth 8-7129] Port cfg_awaddr_i[11] in module gpio is either unconnected or has no load
WARNING: [Synth 8-7129] Port cfg_awaddr_i[10] in module gpio is either unconnected or has no load
WARNING: [Synth 8-7129] Port cfg_awaddr_i[9] in module gpio is either unconnected or has no load
WARNING: [Synth 8-7129] Port cfg_awaddr_i[8] in module gpio is either unconnected or has no load
WARNING: [Synth 8-7129] Port cfg_wvalid_i in module gpio is either unconnected or has no load
WARNING: [Synth 8-7129] Port cfg_wstrb_i[3] in module gpio is either unconnected or has no load
WARNING: [Synth 8-7129] Port cfg_wstrb_i[2] in module gpio is either unconnected or has no load
WARNING: [Synth 8-7129] Port cfg_wstrb_i[1] in module gpio is either unconnected or has no load
WARNING: [Synth 8-7129] Port cfg_wstrb_i[0] in module gpio is either unconnected or has no load
WARNING: [Synth 8-7129] Port cfg_araddr_i[31] in module gpio is either unconnected or has no load
WARNING: [Synth 8-7129] Port cfg_araddr_i[30] in module gpio is either unconnected or has no load
WARNING: [Synth 8-7129] Port cfg_araddr_i[29] in module gpio is either unconnected or has no load
WARNING: [Synth 8-7129] Port cfg_araddr_i[28] in module gpio is either unconnected or has no load
WARNING: [Synth 8-7129] Port cfg_araddr_i[27] in module gpio is either unconnected or has no load
WARNING: [Synth 8-7129] Port cfg_araddr_i[26] in module gpio is either unconnected or has no load
WARNING: [Synth 8-7129] Port cfg_araddr_i[25] in module gpio is either unconnected or has no load
WARNING: [Synth 8-7129] Port cfg_araddr_i[24] in module gpio is either unconnected or has no load
WARNING: [Synth 8-7129] Port cfg_araddr_i[23] in module gpio is either unconnected or has no load
WARNING: [Synth 8-7129] Port cfg_araddr_i[22] in module gpio is either unconnected or has no load
WARNING: [Synth 8-7129] Port cfg_araddr_i[21] in module gpio is either unconnected or has no load
WARNING: [Synth 8-7129] Port cfg_araddr_i[20] in module gpio is either unconnected or has no load
WARNING: [Synth 8-7129] Port cfg_araddr_i[19] in module gpio is either unconnected or has no load
WARNING: [Synth 8-7129] Port cfg_araddr_i[18] in module gpio is either unconnected or has no load
WARNING: [Synth 8-7129] Port cfg_araddr_i[17] in module gpio is either unconnected or has no load
WARNING: [Synth 8-7129] Port cfg_araddr_i[16] in module gpio is either unconnected or has no load
WARNING: [Synth 8-7129] Port cfg_araddr_i[15] in module gpio is either unconnected or has no load
WARNING: [Synth 8-7129] Port cfg_araddr_i[14] in module gpio is either unconnected or has no load
WARNING: [Synth 8-7129] Port cfg_araddr_i[13] in module gpio is either unconnected or has no load
WARNING: [Synth 8-7129] Port cfg_araddr_i[12] in module gpio is either unconnected or has no load
WARNING: [Synth 8-7129] Port cfg_araddr_i[11] in module gpio is either unconnected or has no load
WARNING: [Synth 8-7129] Port cfg_araddr_i[10] in module gpio is either unconnected or has no load
WARNING: [Synth 8-7129] Port cfg_araddr_i[9] in module gpio is either unconnected or has no load
WARNING: [Synth 8-7129] Port cfg_araddr_i[8] in module gpio is either unconnected or has no load
WARNING: [Synth 8-7129] Port cfg_awaddr_i[31] in module spi_lite is either unconnected or has no load
WARNING: [Synth 8-7129] Port cfg_awaddr_i[30] in module spi_lite is either unconnected or has no load
WARNING: [Synth 8-7129] Port cfg_awaddr_i[29] in module spi_lite is either unconnected or has no load
WARNING: [Synth 8-7129] Port cfg_awaddr_i[28] in module spi_lite is either unconnected or has no load
WARNING: [Synth 8-7129] Port cfg_awaddr_i[27] in module spi_lite is either unconnected or has no load
WARNING: [Synth 8-7129] Port cfg_awaddr_i[26] in module spi_lite is either unconnected or has no load
WARNING: [Synth 8-7129] Port cfg_awaddr_i[25] in module spi_lite is either unconnected or has no load
WARNING: [Synth 8-7129] Port cfg_awaddr_i[24] in module spi_lite is either unconnected or has no load
WARNING: [Synth 8-7129] Port cfg_awaddr_i[23] in module spi_lite is either unconnected or has no load
WARNING: [Synth 8-7129] Port cfg_awaddr_i[22] in module spi_lite is either unconnected or has no load
WARNING: [Synth 8-7129] Port cfg_awaddr_i[21] in module spi_lite is either unconnected or has no load
WARNING: [Synth 8-7129] Port cfg_awaddr_i[20] in module spi_lite is either unconnected or has no load
WARNING: [Synth 8-7129] Port cfg_awaddr_i[19] in module spi_lite is either unconnected or has no load
WARNING: [Synth 8-7129] Port cfg_awaddr_i[18] in module spi_lite is either unconnected or has no load
WARNING: [Synth 8-7129] Port cfg_awaddr_i[17] in module spi_lite is either unconnected or has no load
WARNING: [Synth 8-7129] Port cfg_awaddr_i[16] in module spi_lite is either unconnected or has no load
WARNING: [Synth 8-7129] Port cfg_awaddr_i[15] in module spi_lite is either unconnected or has no load
WARNING: [Synth 8-7129] Port cfg_awaddr_i[14] in module spi_lite is either unconnected or has no load
WARNING: [Synth 8-7129] Port cfg_awaddr_i[13] in module spi_lite is either unconnected or has no load
WARNING: [Synth 8-7129] Port cfg_awaddr_i[12] in module spi_lite is either unconnected or has no load
WARNING: [Synth 8-7129] Port cfg_awaddr_i[11] in module spi_lite is either unconnected or has no load
WARNING: [Synth 8-7129] Port cfg_awaddr_i[10] in module spi_lite is either unconnected or has no load
WARNING: [Synth 8-7129] Port cfg_awaddr_i[9] in module spi_lite is either unconnected or has no load
WARNING: [Synth 8-7129] Port cfg_awaddr_i[8] in module spi_lite is either unconnected or has no load
WARNING: [Synth 8-7129] Port cfg_wvalid_i in module spi_lite is either unconnected or has no load
WARNING: [Synth 8-7129] Port cfg_wstrb_i[3] in module spi_lite is either unconnected or has no load
WARNING: [Synth 8-7129] Port cfg_wstrb_i[2] in module spi_lite is either unconnected or has no load
WARNING: [Synth 8-7129] Port cfg_wstrb_i[1] in module spi_lite is either unconnected or has no load
WARNING: [Synth 8-7129] Port cfg_wstrb_i[0] in module spi_lite is either unconnected or has no load
WARNING: [Synth 8-7129] Port cfg_araddr_i[31] in module spi_lite is either unconnected or has no load
WARNING: [Synth 8-7129] Port cfg_araddr_i[30] in module spi_lite is either unconnected or has no load
WARNING: [Synth 8-7129] Port cfg_araddr_i[29] in module spi_lite is either unconnected or has no load
WARNING: [Synth 8-7129] Port cfg_araddr_i[28] in module spi_lite is either unconnected or has no load
WARNING: [Synth 8-7129] Port cfg_araddr_i[27] in module spi_lite is either unconnected or has no load
WARNING: [Synth 8-7129] Port cfg_araddr_i[26] in module spi_lite is either unconnected or has no load
WARNING: [Synth 8-7129] Port cfg_araddr_i[25] in module spi_lite is either unconnected or has no load
WARNING: [Synth 8-7129] Port cfg_araddr_i[24] in module spi_lite is either unconnected or has no load
WARNING: [Synth 8-7129] Port cfg_araddr_i[23] in module spi_lite is either unconnected or has no load
WARNING: [Synth 8-7129] Port cfg_araddr_i[22] in module spi_lite is either unconnected or has no load
WARNING: [Synth 8-7129] Port cfg_araddr_i[21] in module spi_lite is either unconnected or has no load
WARNING: [Synth 8-7129] Port cfg_araddr_i[20] in module spi_lite is either unconnected or has no load
WARNING: [Synth 8-7129] Port cfg_araddr_i[19] in module spi_lite is either unconnected or has no load
WARNING: [Synth 8-7129] Port cfg_araddr_i[18] in module spi_lite is either unconnected or has no load
WARNING: [Synth 8-7129] Port cfg_araddr_i[17] in module spi_lite is either unconnected or has no load
WARNING: [Synth 8-7129] Port cfg_araddr_i[16] in module spi_lite is either unconnected or has no load
WARNING: [Synth 8-7129] Port cfg_araddr_i[15] in module spi_lite is either unconnected or has no load
WARNING: [Synth 8-7129] Port cfg_araddr_i[14] in module spi_lite is either unconnected or has no load
INFO: [Common 17-14] Message 'Synth 8-7129' appears 100 times and further instances of the messages will be disabled. Use the Tcl command set_msg_config to change the current settings.
---------------------------------------------------------------------------------
Finished RTL Elaboration : Time (s): cpu = 00:00:09 ; elapsed = 00:00:12 . Memory (MB): peak = 1347.367 ; gain = 668.195
---------------------------------------------------------------------------------
---------------------------------------------------------------------------------
Start Handling Custom Attributes
---------------------------------------------------------------------------------
---------------------------------------------------------------------------------
Finished Handling Custom Attributes : Time (s): cpu = 00:00:09 ; elapsed = 00:00:12 . Memory (MB): peak = 1347.367 ; gain = 668.195
---------------------------------------------------------------------------------
---------------------------------------------------------------------------------
Finished RTL Optimization Phase 1 : Time (s): cpu = 00:00:09 ; elapsed = 00:00:12 . Memory (MB): peak = 1347.367 ; gain = 668.195
---------------------------------------------------------------------------------
Netlist sorting complete. Time (s): cpu = 00:00:00 ; elapsed = 00:00:00.167 . Memory (MB): peak = 1354.043 ; gain = 0.000
INFO: [Netlist 29-17] Analyzing 1 Unisim elements for replacement
INFO: [Netlist 29-28] Unisim Transformation completed in 0 CPU seconds
INFO: [Project 1-570] Preparing netlist for logic optimization

Processing XDC Constraints
Initializing timing engine
Parsing XDC File [C:/Users/Administrator/Desktop/SSIR/riscv_soc - Copy/fpga/arty/project.srcs/constrs_1/new/Constraints.xdc]
Finished Parsing XDC File [C:/Users/Administrator/Desktop/SSIR/riscv_soc - Copy/fpga/arty/project.srcs/constrs_1/new/Constraints.xdc]
INFO: [Project 1-236] Implementation specific constraints were found while reading constraint file [C:/Users/Administrator/Desktop/SSIR/riscv_soc - Copy/fpga/arty/project.srcs/constrs_1/new/Constraints.xdc]. These constraints will be ignored for synthesis but will be used in implementation. Impacted constraints are listed in the file [.Xil/top_propImpl.xdc].
Resolution: To avoid this warning, move constraints listed in [.Xil/top_propImpl.xdc] to another XDC file and exclude this new file from synthesis with the used_in_synthesis property (File Properties dialog in GUI) and re-run elaboration/synthesis.
INFO: [Timing 38-2] Deriving generated clocks
Completed Processing XDC Constraints

Netlist sorting complete. Time (s): cpu = 00:00:00 ; elapsed = 00:00:00.004 . Memory (MB): peak = 1458.832 ; gain = 0.000
INFO: [Project 1-111] Unisim Transformation Summary:
  A total of 1 instances were transformed.
  PLLE2_BASE => PLLE2_ADV: 1 instance 

Constraint Validation Runtime : Time (s): cpu = 00:00:00 ; elapsed = 00:00:00.053 . Memory (MB): peak = 1458.832 ; gain = 0.000
---------------------------------------------------------------------------------
Finished Constraint Validation : Time (s): cpu = 00:00:20 ; elapsed = 00:00:27 . Memory (MB): peak = 1458.832 ; gain = 779.660
---------------------------------------------------------------------------------
---------------------------------------------------------------------------------
Start Loading Part and Timing Information
---------------------------------------------------------------------------------
Loading part: xc7s50csga324-1
---------------------------------------------------------------------------------
Finished Loading Part and Timing Information : Time (s): cpu = 00:00:20 ; elapsed = 00:00:27 . Memory (MB): peak = 1458.832 ; gain = 779.660
---------------------------------------------------------------------------------
---------------------------------------------------------------------------------
Start Applying 'set_property' XDC Constraints
---------------------------------------------------------------------------------
---------------------------------------------------------------------------------
Finished applying 'set_property' XDC Constraints : Time (s): cpu = 00:00:20 ; elapsed = 00:00:27 . Memory (MB): peak = 1458.832 ; gain = 779.660
---------------------------------------------------------------------------------
INFO: [Synth 8-802] inferred FSM for state register 'wr_state_reg' in module 'boolean_bram'
INFO: [Synth 8-802] inferred FSM for state register 'rd_state_reg' in module 'boolean_bram'
INFO: [Synth 8-802] inferred FSM for state register 'state_q_reg' in module 'dbg_bridge'
INFO: [Synth 8-802] inferred FSM for state register 'state_q_reg' in module 'icache'
---------------------------------------------------------------------------------------------------
                   State |                     New Encoding |                Previous Encoding 
---------------------------------------------------------------------------------------------------
                 WR_IDLE |                              001 |                               00
                 WR_DATA |                              010 |                               01
                 WR_RESP |                              100 |                               10
---------------------------------------------------------------------------------------------------
INFO: [Synth 8-3354] encoded FSM with state register 'wr_state_reg' using encoding 'one-hot' in module 'boolean_bram'
---------------------------------------------------------------------------------------------------
                   State |                     New Encoding |                Previous Encoding 
---------------------------------------------------------------------------------------------------
                 RD_IDLE |                              001 |                               00
                 RD_WAIT |                              010 |                               01
                RD_VALID |                              100 |                               10
---------------------------------------------------------------------------------------------------
INFO: [Synth 8-3354] encoded FSM with state register 'rd_state_reg' using encoding 'one-hot' in module 'boolean_bram'
---------------------------------------------------------------------------------------------------
                   State |                     New Encoding |                Previous Encoding 
---------------------------------------------------------------------------------------------------
              STATE_IDLE |                     000001000000 |                             0000
               STATE_LEN |                     000000001000 |                             0010
             STATE_ADDR0 |                     000000000001 |                             0011
             STATE_ADDR1 |                     000000000010 |                             0100
             STATE_ADDR2 |                     000000000100 |                             0101
             STATE_ADDR3 |                     100000000000 |                             0110
             STATE_WRITE |                     001000000000 |                             0111
              STATE_READ |                     000000100000 |                             1000
             STATE_DATA0 |                     010000000000 |                             1001
             STATE_DATA1 |                     000100000000 |                             1010
             STATE_DATA2 |                     000010000000 |                             1011
             STATE_DATA3 |                     000000010000 |                             1100
---------------------------------------------------------------------------------------------------
INFO: [Synth 8-3354] encoded FSM with state register 'state_q_reg' using encoding 'one-hot' in module 'dbg_bridge'
---------------------------------------------------------------------------------------------------
                   State |                     New Encoding |                Previous Encoding 
---------------------------------------------------------------------------------------------------
             STATE_FLUSH |                               11 |                               00
            STATE_LOOKUP |                               01 |                               01
            STATE_REFILL |                               10 |                               10
          STATE_RELOOKUP |                               00 |                               11
---------------------------------------------------------------------------------------------------
INFO: [Synth 8-3354] encoded FSM with state register 'state_q_reg' using encoding 'sequential' in module 'icache'
---------------------------------------------------------------------------------
Finished RTL Optimization Phase 2 : Time (s): cpu = 00:00:25 ; elapsed = 00:00:32 . Memory (MB): peak = 1458.832 ; gain = 779.660
---------------------------------------------------------------------------------
---------------------------------------------------------------------------------
Start RTL Component Statistics 
---------------------------------------------------------------------------------
Detailed RTL Component Info : 
+---Adders : 
	   2 Input   64 Bit       Adders := 1     
	   2 Input   32 Bit       Adders := 18    
	   3 Input   32 Bit       Adders := 3     
	   2 Input   11 Bit       Adders := 1     
	   2 Input    8 Bit       Adders := 4     
	   2 Input    6 Bit       Adders := 1     
	   2 Input    4 Bit       Adders := 8     
	   2 Input    3 Bit       Adders := 10    
	   2 Input    2 Bit       Adders := 14    
	   2 Input    1 Bit       Adders := 11    
+---XORs : 
	   2 Input     32 Bit         XORs := 3     
	   2 Input      4 Bit         XORs := 2     
+---Registers : 
	               69 Bit    Registers := 4     
	               64 Bit    Registers := 1     
	               63 Bit    Registers := 1     
	               58 Bit    Registers := 1     
	               46 Bit    Registers := 4     
	               39 Bit    Registers := 2     
	               37 Bit    Registers := 2     
	               32 Bit    Registers := 102   
	               20 Bit    Registers := 4     
	               11 Bit    Registers := 6     
	                8 Bit    Registers := 40    
	                6 Bit    Registers := 3     
	                5 Bit    Registers := 4     
	                4 Bit    Registers := 23    
	                3 Bit    Registers := 10    
	                2 Bit    Registers := 16    
	                1 Bit    Registers := 127   
+---RAMs : 
	             256K Bit	(32768 X 8 bit)          RAMs := 4     
	              64K Bit	(2048 X 32 bit)          RAMs := 2     
	               5K Bit	(256 X 20 bit)          RAMs := 2     
+---Muxes : 
	   4 Input   69 Bit        Muxes := 1     
	   2 Input   64 Bit        Muxes := 1     
	   2 Input   63 Bit        Muxes := 2     
	   2 Input   58 Bit        Muxes := 1     
	   2 Input   46 Bit        Muxes := 2     
	   2 Input   39 Bit        Muxes := 1     
	   2 Input   37 Bit        Muxes := 1     
	   2 Input   33 Bit        Muxes := 4     
	   3 Input   32 Bit        Muxes := 4     
	   2 Input   32 Bit        Muxes := 263   
	   6 Input   32 Bit        Muxes := 1     
	   4 Input   32 Bit        Muxes := 2     
	   5 Input   32 Bit        Muxes := 1     
	   3 Input   20 Bit        Muxes := 1     
	   2 Input   16 Bit        Muxes := 1     
	   3 Input   15 Bit        Muxes := 1     
	   2 Input   13 Bit        Muxes := 3     
	   3 Input   13 Bit        Muxes := 1     
	  12 Input   12 Bit        Muxes := 1     
	   2 Input   12 Bit        Muxes := 21    
	   4 Input   11 Bit        Muxes := 1     
	   2 Input   11 Bit        Muxes := 2     
	   3 Input   11 Bit        Muxes := 1     
	   3 Input    8 Bit        Muxes := 1     
	   2 Input    8 Bit        Muxes := 21    
	   4 Input    8 Bit        Muxes := 3     
	   2 Input    6 Bit        Muxes := 3     
	   2 Input    5 Bit        Muxes := 6     
	   2 Input    4 Bit        Muxes := 23    
	   3 Input    4 Bit        Muxes := 1     
	   4 Input    4 Bit        Muxes := 4     
	   6 Input    4 Bit        Muxes := 2     
	   3 Input    3 Bit        Muxes := 1     
	   2 Input    3 Bit        Muxes := 7     
	   2 Input    2 Bit        Muxes := 37    
	   4 Input    2 Bit        Muxes := 5     
	   3 Input    1 Bit        Muxes := 13    
	   2 Input    1 Bit        Muxes := 205   
	  12 Input    1 Bit        Muxes := 1     
	   4 Input    1 Bit        Muxes := 1     
	   6 Input    1 Bit        Muxes := 2     
---------------------------------------------------------------------------------
Finished RTL Component Statistics 
---------------------------------------------------------------------------------
---------------------------------------------------------------------------------
Start Part Resource Summary
---------------------------------------------------------------------------------
Part Resources:
DSPs: 120 (col length:60)
BRAMs: 150 (col length: RAMB18 60 RAMB36 30)
---------------------------------------------------------------------------------
Finished Part Resource Summary
---------------------------------------------------------------------------------
---------------------------------------------------------------------------------
Start Cross Boundary and Area Optimization
---------------------------------------------------------------------------------
WARNING: [Synth 8-7080] Parallel synthesis criteria is not met
DSP Report: Generating DSP mult_result_w, operation Mode is: A*B.
DSP Report: operator mult_result_w is absorbed into DSP mult_result_w.
DSP Report: operator mult_result_w is absorbed into DSP mult_result_w.
DSP Report: Generating DSP mult_result_w, operation Mode is: (PCIN>>17)+A*B.
DSP Report: operator mult_result_w is absorbed into DSP mult_result_w.
DSP Report: operator mult_result_w is absorbed into DSP mult_result_w.
DSP Report: Generating DSP mult_result_w, operation Mode is: A*B.
DSP Report: operator mult_result_w is absorbed into DSP mult_result_w.
DSP Report: operator mult_result_w is absorbed into DSP mult_result_w.
DSP Report: Generating DSP mult_result_w, operation Mode is: (PCIN>>17)+A*B.
DSP Report: operator mult_result_w is absorbed into DSP mult_result_w.
DSP Report: operator mult_result_w is absorbed into DSP mult_result_w.
WARNING: [Synth 8-3917] design top has port led[3] driven by constant 0
WARNING: [Synth 8-3917] design top has port led[2] driven by constant 0
WARNING: [Synth 8-3917] design top has port led[1] driven by constant 0
WARNING: [Synth 8-3917] design top has port led[0] driven by constant 1
---------------------------------------------------------------------------------
Finished Cross Boundary and Area Optimization : Time (s): cpu = 00:02:38 ; elapsed = 00:02:48 . Memory (MB): peak = 1667.895 ; gain = 988.723
---------------------------------------------------------------------------------
 Sort Area is  mult_result_w_0 : 0 0 : 2701 5008 : Used 1 time 0
 Sort Area is  mult_result_w_0 : 0 1 : 2307 5008 : Used 1 time 0
 Sort Area is  mult_result_w_3 : 0 0 : 2304 4330 : Used 1 time 0
 Sort Area is  mult_result_w_3 : 0 1 : 2026 4330 : Used 1 time 0
---------------------------------------------------------------------------------
Start ROM, RAM, DSP, Shift Register and Retiming Reporting
---------------------------------------------------------------------------------

Block RAM: Preliminary Mapping Report (see note below)
+------------+---------------------------------------------+------------------------+---+---+------------------------+---+---+------------------+--------+--------+
|Module Name | RTL Object                                  | PORT A (Depth x Width) | W | R | PORT B (Depth x Width) | W | R | Ports driving FF | RAMB18 | RAMB36 | 
+------------+---------------------------------------------+------------------------+---+---+------------------------+---+---+------------------+--------+--------+
|top         | u_mem/mem0_reg                              | 32 K x 8(READ_FIRST)   | W |   | 32 K x 8(WRITE_FIRST)  |   | R | Port A and B     | 0      | 8      | 
|top         | u_mem/mem1_reg                              | 32 K x 8(READ_FIRST)   | W |   | 32 K x 8(WRITE_FIRST)  |   | R | Port A and B     | 0      | 8      | 
|top         | u_mem/mem2_reg                              | 32 K x 8(READ_FIRST)   | W |   | 32 K x 8(WRITE_FIRST)  |   | R | Port A and B     | 0      | 8      | 
|top         | u_mem/mem3_reg                              | 32 K x 8(READ_FIRST)   | W |   | 32 K x 8(WRITE_FIRST)  |   | R | Port A and B     | 0      | 8      | 
|top         | u_top/u_soc/u_core/u_icache/u_tag0/ram_reg  | 256 x 20(READ_FIRST)   | W | R |                        |   |   | Port A           | 1      | 0      | 
|top         | u_top/u_soc/u_core/u_icache/u_tag1/ram_reg  | 256 x 20(READ_FIRST)   | W | R |                        |   |   | Port A           | 1      | 0      | 
|top         | u_top/u_soc/u_core/u_icache/u_data0/ram_reg | 2 K x 32(READ_FIRST)   | W | R |                        |   |   | Port A           | 0      | 2      | 
|top         | u_top/u_soc/u_core/u_icache/u_data1/ram_reg | 2 K x 32(READ_FIRST)   | W | R |                        |   |   | Port A           | 0      | 2      | 
+------------+---------------------------------------------+------------------------+---+---+------------------------+---+---+------------------+--------+--------+

Note: The table above is a preliminary report that shows the Block RAMs at the current stage of the synthesis flow. Some Block RAMs may be reimplemented as non Block RAM primitives later in the synthesis flow. Multiple instantiated Block RAMs are reported only once. 

DSP: Preliminary Mapping Report (see note below. The ' indicates corresponding REG is set)
+-------------+----------------+--------+--------+--------+--------+--------+------+------+------+------+-------+------+------+
|Module Name  | DSP Mapping    | A Size | B Size | C Size | D Size | P Size | AREG | BREG | CREG | DREG | ADREG | MREG | PREG | 
+-------------+----------------+--------+--------+--------+--------+--------+------+------+------+------+-------+------+------+
|riscv_muldiv | A*B            | 18     | 16     | -      | -      | 48     | 0    | 0    | -    | -    | -     | 0    | 0    | 
|riscv_muldiv | (PCIN>>17)+A*B | 16     | 16     | -      | -      | 30     | 0    | 0    | -    | -    | -     | 0    | 0    | 
|riscv_muldiv | A*B            | 18     | 18     | -      | -      | 48     | 0    | 0    | -    | -    | -     | 0    | 0    | 
|riscv_muldiv | (PCIN>>17)+A*B | 18     | 16     | -      | -      | 47     | 0    | 0    | -    | -    | -     | 0    | 0    | 
+-------------+----------------+--------+--------+--------+--------+--------+------+------+------+------+-------+------+------+

Note: The table above is a preliminary report that shows the DSPs inferred at the current stage of the synthesis flow. Some DSP may be reimplemented as non DSP primitives later in the synthesis flow. Multiple instantiated DSPs are reported only once.
---------------------------------------------------------------------------------
Finished ROM, RAM, DSP, Shift Register and Retiming Reporting
---------------------------------------------------------------------------------
---------------------------------------------------------------------------------
Start Applying XDC Timing Constraints
---------------------------------------------------------------------------------
---------------------------------------------------------------------------------
Finished Applying XDC Timing Constraints : Time (s): cpu = 00:02:47 ; elapsed = 00:02:58 . Memory (MB): peak = 1667.895 ; gain = 988.723
---------------------------------------------------------------------------------
---------------------------------------------------------------------------------
Start Timing Optimization
---------------------------------------------------------------------------------
---------------------------------------------------------------------------------
Finished Timing Optimization : Time (s): cpu = 00:03:07 ; elapsed = 00:03:18 . Memory (MB): peak = 1703.996 ; gain = 1024.824
---------------------------------------------------------------------------------
---------------------------------------------------------------------------------
Start ROM, RAM, DSP, Shift Register and Retiming Reporting
---------------------------------------------------------------------------------

Block RAM: Final Mapping Report
+------------+---------------------------------------------+------------------------+---+---+------------------------+---+---+------------------+--------+--------+
|Module Name | RTL Object                                  | PORT A (Depth x Width) | W | R | PORT B (Depth x Width) | W | R | Ports driving FF | RAMB18 | RAMB36 | 
+------------+---------------------------------------------+------------------------+---+---+------------------------+---+---+------------------+--------+--------+
|top         | u_mem/mem0_reg                              | 32 K x 8(READ_FIRST)   | W |   | 32 K x 8(WRITE_FIRST)  |   | R | Port A and B     | 0      | 8      | 
|top         | u_mem/mem1_reg                              | 32 K x 8(READ_FIRST)   | W |   | 32 K x 8(WRITE_FIRST)  |   | R | Port A and B     | 0      | 8      | 
|top         | u_mem/mem2_reg                              | 32 K x 8(READ_FIRST)   | W |   | 32 K x 8(WRITE_FIRST)  |   | R | Port A and B     | 0      | 8      | 
|top         | u_mem/mem3_reg                              | 32 K x 8(READ_FIRST)   | W |   | 32 K x 8(WRITE_FIRST)  |   | R | Port A and B     | 0      | 8      | 
|top         | u_top/u_soc/u_core/u_icache/u_tag0/ram_reg  | 256 x 20(READ_FIRST)   | W | R |                        |   |   | Port A           | 1      | 0      | 
|top         | u_top/u_soc/u_core/u_icache/u_tag1/ram_reg  | 256 x 20(READ_FIRST)   | W | R |                        |   |   | Port A           | 1      | 0      | 
|top         | u_top/u_soc/u_core/u_icache/u_data0/ram_reg | 2 K x 32(READ_FIRST)   | W | R |                        |   |   | Port A           | 0      | 2      | 
|top         | u_top/u_soc/u_core/u_icache/u_data1/ram_reg | 2 K x 32(READ_FIRST)   | W | R |                        |   |   | Port A           | 0      | 2      | 
+------------+---------------------------------------------+------------------------+---+---+------------------------+---+---+------------------+--------+--------+

---------------------------------------------------------------------------------
Finished ROM, RAM, DSP, Shift Register and Retiming Reporting
---------------------------------------------------------------------------------
---------------------------------------------------------------------------------
Start Technology Mapping
---------------------------------------------------------------------------------
INFO: [Synth 8-7052] The timing for the instance u_mem/mem0_reg_0_0 (implemented as a Block RAM) might be sub-optimal as no optional output register could be merged into the ram block. Providing additional output register may help in improving timing.
INFO: [Synth 8-7052] The timing for the instance u_mem/mem0_reg_0_1 (implemented as a Block RAM) might be sub-optimal as no optional output register could be merged into the ram block. Providing additional output register may help in improving timing.
INFO: [Synth 8-7052] The timing for the instance u_mem/mem0_reg_0_2 (implemented as a Block RAM) might be sub-optimal as no optional output register could be merged into the ram block. Providing additional output register may help in improving timing.
INFO: [Synth 8-7052] The timing for the instance u_mem/mem0_reg_0_3 (implemented as a Block RAM) might be sub-optimal as no optional output register could be merged into the ram block. Providing additional output register may help in improving timing.
INFO: [Synth 8-7052] The timing for the instance u_mem/mem0_reg_0_4 (implemented as a Block RAM) might be sub-optimal as no optional output register could be merged into the ram block. Providing additional output register may help in improving timing.
INFO: [Synth 8-7052] The timing for the instance u_mem/mem0_reg_0_5 (implemented as a Block RAM) might be sub-optimal as no optional output register could be merged into the ram block. Providing additional output register may help in improving timing.
INFO: [Synth 8-7052] The timing for the instance u_mem/mem0_reg_0_6 (implemented as a Block RAM) might be sub-optimal as no optional output register could be merged into the ram block. Providing additional output register may help in improving timing.
INFO: [Synth 8-7052] The timing for the instance u_mem/mem0_reg_0_7 (implemented as a Block RAM) might be sub-optimal as no optional output register could be merged into the ram block. Providing additional output register may help in improving timing.
INFO: [Synth 8-7052] The timing for the instance u_mem/mem1_reg_0_0 (implemented as a Block RAM) might be sub-optimal as no optional output register could be merged into the ram block. Providing additional output register may help in improving timing.
INFO: [Synth 8-7052] The timing for the instance u_mem/mem1_reg_0_1 (implemented as a Block RAM) might be sub-optimal as no optional output register could be merged into the ram block. Providing additional output register may help in improving timing.
INFO: [Synth 8-7052] The timing for the instance u_mem/mem1_reg_0_2 (implemented as a Block RAM) might be sub-optimal as no optional output register could be merged into the ram block. Providing additional output register may help in improving timing.
INFO: [Synth 8-7052] The timing for the instance u_mem/mem1_reg_0_3 (implemented as a Block RAM) might be sub-optimal as no optional output register could be merged into the ram block. Providing additional output register may help in improving timing.
INFO: [Synth 8-7052] The timing for the instance u_mem/mem1_reg_0_4 (implemented as a Block RAM) might be sub-optimal as no optional output register could be merged into the ram block. Providing additional output register may help in improving timing.
INFO: [Synth 8-7052] The timing for the instance u_mem/mem1_reg_0_5 (implemented as a Block RAM) might be sub-optimal as no optional output register could be merged into the ram block. Providing additional output register may help in improving timing.
INFO: [Synth 8-7052] The timing for the instance u_mem/mem1_reg_0_6 (implemented as a Block RAM) might be sub-optimal as no optional output register could be merged into the ram block. Providing additional output register may help in improving timing.
INFO: [Synth 8-7052] The timing for the instance u_mem/mem1_reg_0_7 (implemented as a Block RAM) might be sub-optimal as no optional output register could be merged into the ram block. Providing additional output register may help in improving timing.
INFO: [Synth 8-7052] The timing for the instance u_mem/mem2_reg_0_0 (implemented as a Block RAM) might be sub-optimal as no optional output register could be merged into the ram block. Providing additional output register may help in improving timing.
INFO: [Synth 8-7052] The timing for the instance u_mem/mem2_reg_0_1 (implemented as a Block RAM) might be sub-optimal as no optional output register could be merged into the ram block. Providing additional output register may help in improving timing.
INFO: [Synth 8-7052] The timing for the instance u_mem/mem2_reg_0_2 (implemented as a Block RAM) might be sub-optimal as no optional output register could be merged into the ram block. Providing additional output register may help in improving timing.
INFO: [Synth 8-7052] The timing for the instance u_mem/mem2_reg_0_3 (implemented as a Block RAM) might be sub-optimal as no optional output register could be merged into the ram block. Providing additional output register may help in improving timing.
INFO: [Synth 8-7052] The timing for the instance u_mem/mem2_reg_0_4 (implemented as a Block RAM) might be sub-optimal as no optional output register could be merged into the ram block. Providing additional output register may help in improving timing.
INFO: [Synth 8-7052] The timing for the instance u_mem/mem2_reg_0_5 (implemented as a Block RAM) might be sub-optimal as no optional output register could be merged into the ram block. Providing additional output register may help in improving timing.
INFO: [Synth 8-7052] The timing for the instance u_mem/mem2_reg_0_6 (implemented as a Block RAM) might be sub-optimal as no optional output register could be merged into the ram block. Providing additional output register may help in improving timing.
INFO: [Synth 8-7052] The timing for the instance u_mem/mem2_reg_0_7 (implemented as a Block RAM) might be sub-optimal as no optional output register could be merged into the ram block. Providing additional output register may help in improving timing.
INFO: [Synth 8-7052] The timing for the instance u_mem/mem3_reg_0_0 (implemented as a Block RAM) might be sub-optimal as no optional output register could be merged into the ram block. Providing additional output register may help in improving timing.
INFO: [Synth 8-7052] The timing for the instance u_mem/mem3_reg_0_1 (implemented as a Block RAM) might be sub-optimal as no optional output register could be merged into the ram block. Providing additional output register may help in improving timing.
INFO: [Synth 8-7052] The timing for the instance u_mem/mem3_reg_0_2 (implemented as a Block RAM) might be sub-optimal as no optional output register could be merged into the ram block. Providing additional output register may help in improving timing.
INFO: [Synth 8-7052] The timing for the instance u_mem/mem3_reg_0_3 (implemented as a Block RAM) might be sub-optimal as no optional output register could be merged into the ram block. Providing additional output register may help in improving timing.
INFO: [Synth 8-7052] The timing for the instance u_mem/mem3_reg_0_4 (implemented as a Block RAM) might be sub-optimal as no optional output register could be merged into the ram block. Providing additional output register may help in improving timing.
INFO: [Synth 8-7052] The timing for the instance u_mem/mem3_reg_0_5 (implemented as a Block RAM) might be sub-optimal as no optional output register could be merged into the ram block. Providing additional output register may help in improving timing.
INFO: [Synth 8-7052] The timing for the instance u_mem/mem3_reg_0_6 (implemented as a Block RAM) might be sub-optimal as no optional output register could be merged into the ram block. Providing additional output register may help in improving timing.
INFO: [Synth 8-7052] The timing for the instance u_mem/mem3_reg_0_7 (implemented as a Block RAM) might be sub-optimal as no optional output register could be merged into the ram block. Providing additional output register may help in improving timing.
INFO: [Synth 8-7052] The timing for the instance u_top/u_soc/u_core/u_icache/u_tag0/ram_reg (implemented as a Block RAM) might be sub-optimal as no optional output register could be merged into the ram block. Providing additional output register may help in improving timing.
INFO: [Synth 8-7052] The timing for the instance u_top/u_soc/u_core/u_icache/u_tag0/ram_reg (implemented as a Block RAM) might be sub-optimal as no optional output register could be merged into the ram block. Providing additional output register may help in improving timing.
INFO: [Synth 8-7052] The timing for the instance u_top/u_soc/u_core/u_icache/u_tag1/ram_reg (implemented as a Block RAM) might be sub-optimal as no optional output register could be merged into the ram block. Providing additional output register may help in improving timing.
INFO: [Synth 8-7052] The timing for the instance u_top/u_soc/u_core/u_icache/u_tag1/ram_reg (implemented as a Block RAM) might be sub-optimal as no optional output register could be merged into the ram block. Providing additional output register may help in improving timing.
INFO: [Synth 8-7052] The timing for the instance u_top/u_soc/u_core/u_icache/u_data0/ram_reg_0 (implemented as a Block RAM) might be sub-optimal as no optional output register could be merged into the ram block. Providing additional output register may help in improving timing.
INFO: [Synth 8-7052] The timing for the instance u_top/u_soc/u_core/u_icache/u_data0/ram_reg_1 (implemented as a Block RAM) might be sub-optimal as no optional output register could be merged into the ram block. Providing additional output register may help in improving timing.
INFO: [Synth 8-7052] The timing for the instance u_top/u_soc/u_core/u_icache/u_data1/ram_reg_0 (implemented as a Block RAM) might be sub-optimal as no optional output register could be merged into the ram block. Providing additional output register may help in improving timing.
INFO: [Synth 8-7052] The timing for the instance u_top/u_soc/u_core/u_icache/u_data1/ram_reg_1 (implemented as a Block RAM) might be sub-optimal as no optional output register could be merged into the ram block. Providing additional output register may help in improving timing.
---------------------------------------------------------------------------------
Finished Technology Mapping : Time (s): cpu = 00:03:17 ; elapsed = 00:03:28 . Memory (MB): peak = 1968.285 ; gain = 1289.113
---------------------------------------------------------------------------------
---------------------------------------------------------------------------------
Start IO Insertion
---------------------------------------------------------------------------------
---------------------------------------------------------------------------------
Start Flattening Before IO Insertion
---------------------------------------------------------------------------------
---------------------------------------------------------------------------------
Finished Flattening Before IO Insertion
---------------------------------------------------------------------------------
---------------------------------------------------------------------------------
Start Final Netlist Cleanup
---------------------------------------------------------------------------------
INFO: [Synth 8-4163] Replicating register \u_top/u_soc/u_soc/u_uart/txd_q_reg  to handle IOB=TRUE attribute
INFO: [Synth 8-4163] Replicating register \u_top/u_dbg/u_uart/txd_q_reg  to handle IOB=TRUE attribute
INFO: [Synth 8-4163] Replicating register \u_top/u_soc/u_soc/u_spi/spi_ssr_value_q_reg  to handle IOB=TRUE attribute
INFO: [Synth 8-4163] Replicating register \u_top/u_soc/u_soc/u_spi/spi_mosi_q_reg  to handle IOB=TRUE attribute
---------------------------------------------------------------------------------
Finished Final Netlist Cleanup
---------------------------------------------------------------------------------
---------------------------------------------------------------------------------
Finished IO Insertion : Time (s): cpu = 00:03:24 ; elapsed = 00:03:35 . Memory (MB): peak = 1983.863 ; gain = 1304.691
---------------------------------------------------------------------------------
---------------------------------------------------------------------------------
Start Renaming Generated Instances
---------------------------------------------------------------------------------
---------------------------------------------------------------------------------
Finished Renaming Generated Instances : Time (s): cpu = 00:03:24 ; elapsed = 00:03:35 . Memory (MB): peak = 1983.863 ; gain = 1304.691
---------------------------------------------------------------------------------
---------------------------------------------------------------------------------
Start Rebuilding User Hierarchy
---------------------------------------------------------------------------------
---------------------------------------------------------------------------------
Finished Rebuilding User Hierarchy : Time (s): cpu = 00:03:25 ; elapsed = 00:03:37 . Memory (MB): peak = 1983.863 ; gain = 1304.691
---------------------------------------------------------------------------------
---------------------------------------------------------------------------------
Start Renaming Generated Ports
---------------------------------------------------------------------------------
---------------------------------------------------------------------------------
Finished Renaming Generated Ports : Time (s): cpu = 00:03:25 ; elapsed = 00:03:37 . Memory (MB): peak = 1983.863 ; gain = 1304.691
---------------------------------------------------------------------------------
---------------------------------------------------------------------------------
Start Handling Custom Attributes
---------------------------------------------------------------------------------
---------------------------------------------------------------------------------
Finished Handling Custom Attributes : Time (s): cpu = 00:03:26 ; elapsed = 00:03:37 . Memory (MB): peak = 1983.879 ; gain = 1304.707
---------------------------------------------------------------------------------
---------------------------------------------------------------------------------
Start Renaming Generated Nets
---------------------------------------------------------------------------------
---------------------------------------------------------------------------------
Finished Renaming Generated Nets : Time (s): cpu = 00:03:26 ; elapsed = 00:03:37 . Memory (MB): peak = 1983.879 ; gain = 1304.707
---------------------------------------------------------------------------------
---------------------------------------------------------------------------------
Start Writing Synthesis Report
---------------------------------------------------------------------------------

DSP Final Report (the ' indicates corresponding REG is set)
+-------------+--------------+--------+--------+--------+--------+--------+------+------+------+------+-------+------+------+
|Module Name  | DSP Mapping  | A Size | B Size | C Size | D Size | P Size | AREG | BREG | CREG | DREG | ADREG | MREG | PREG | 
+-------------+--------------+--------+--------+--------+--------+--------+------+------+------+------+-------+------+------+
|riscv_muldiv | A*B          | 17     | 18     | -      | -      | 48     | 0    | 0    | -    | -    | -     | 0    | 0    | 
|riscv_muldiv | PCIN>>17+A*B | 30     | 18     | -      | -      | 30     | 0    | 0    | -    | -    | -     | 0    | 0    | 
|riscv_muldiv | A*B          | 17     | 17     | -      | -      | 48     | 0    | 0    | -    | -    | -     | 0    | 0    | 
|riscv_muldiv | PCIN>>17+A*B | 17     | 18     | -      | -      | 47     | 0    | 0    | -    | -    | -     | 0    | 0    | 
+-------------+--------------+--------+--------+--------+--------+--------+------+------+------+------+-------+------+------+


Report BlackBoxes: 
+-+--------------+----------+
| |BlackBox name |Instances |
+-+--------------+----------+
+-+--------------+----------+

Report Cell Usage: 
+------+-----------+------+
|      |Cell       |Count |
+------+-----------+------+
|1     |BUFG       |     1|
|2     |BUFH       |     1|
|3     |CARRY4     |   256|
|4     |DSP48E1    |     4|
|5     |LUT1       |   279|
|6     |LUT2       |   815|
|7     |LUT3       |  1922|
|8     |LUT4       |   912|
|9     |LUT5       |  2080|
|10    |LUT6       |  2475|
|11    |MUXF7      |   276|
|12    |MUXF8      |     9|
|13    |PLLE2_BASE |     1|
|14    |RAMB18E1   |     2|
|15    |RAMB36E1   |    36|
|17    |FDCE       |  3315|
|18    |FDPE       |    17|
|19    |FDRE       |   908|
|20    |FDSE       |     2|
|21    |IBUF       |     2|
|22    |OBUF       |     5|
+------+-----------+------+
---------------------------------------------------------------------------------
Finished Writing Synthesis Report : Time (s): cpu = 00:03:26 ; elapsed = 00:03:37 . Memory (MB): peak = 1983.879 ; gain = 1304.707
---------------------------------------------------------------------------------
Synthesis finished with 0 errors, 0 critical warnings and 602 warnings.
Synthesis Optimization Runtime : Time (s): cpu = 00:03:12 ; elapsed = 00:03:30 . Memory (MB): peak = 1983.879 ; gain = 1193.242
Synthesis Optimization Complete : Time (s): cpu = 00:03:26 ; elapsed = 00:03:37 . Memory (MB): peak = 1983.879 ; gain = 1304.707
INFO: [Project 1-571] Translating synthesized netlist
Netlist sorting complete. Time (s): cpu = 00:00:00 ; elapsed = 00:00:00.164 . Memory (MB): peak = 1983.879 ; gain = 0.000
INFO: [Netlist 29-17] Analyzing 584 Unisim elements for replacement
INFO: [Netlist 29-28] Unisim Transformation completed in 0 CPU seconds
INFO: [Project 1-570] Preparing netlist for logic optimization
INFO: [Opt 31-138] Pushed 0 inverter(s) to 0 load pin(s).
WARNING: [Constraints 18-5572] Instance u_top/u_dbg/u_uart/txd_q_reg has IOB constraint set, However, the instance does not seem to have valid I/O connection to be placed into I/O. The constraint on the instance will be ignored.
WARNING: [Constraints 18-5572] Instance u_top/u_soc/u_soc/u_spi/spi_mosi_q_reg has IOB constraint set, However, the instance does not seem to have valid I/O connection to be placed into I/O. The constraint on the instance will be ignored.
WARNING: [Constraints 18-5572] Instance u_top/u_soc/u_soc/u_spi/spi_ssr_value_q_reg has IOB constraint set, However, the instance does not seem to have valid I/O connection to be placed into I/O. The constraint on the instance will be ignored.
WARNING: [Constraints 18-5572] Instance u_top/u_soc/u_soc/u_uart/txd_q_reg has IOB constraint set, However, the instance does not seem to have valid I/O connection to be placed into I/O. The constraint on the instance will be ignored.
Netlist sorting complete. Time (s): cpu = 00:00:00 ; elapsed = 00:00:00.005 . Memory (MB): peak = 1996.992 ; gain = 0.000
INFO: [Project 1-111] Unisim Transformation Summary:
  A total of 1 instances were transformed.
  PLLE2_BASE => PLLE2_ADV: 1 instance 

Synth Design complete | Checksum: 5f20574e
INFO: [Common 17-83] Releasing license: Synthesis
169 Infos, 162 Warnings, 0 Critical Warnings and 0 Errors encountered.
synth_design completed successfully
synth_design: Time (s): cpu = 00:03:33 ; elapsed = 00:04:07 . Memory (MB): peak = 1996.992 ; gain = 1489.949
Write ShapeDB Complete: Time (s): cpu = 00:00:00 ; elapsed = 00:00:00.024 . Memory (MB): peak = 1996.992 ; gain = 0.000
INFO: [Common 17-1381] The checkpoint 'C:/Users/Administrator/Desktop/SSIR/riscv_soc - Copy/fpga/arty/project.runs/synth_1/top.dcp' has been generated.
INFO: [Common 17-206] Exiting Vivado at Mon Mar 16 16:09:07 2026...
